[java] 2021-12-05T07:56:10.452+0000 LINE 1
some line to be grouped with LINE 1
another line to be grouped with LINE 1
[java] 2222-12-05T07:56:10.452+0000 LINE 3